// Jest Snapshot v1, https://goo.gl/fbAQLP

exports[`Reviews Component Parent Component should render correctly with no props 1`] = `ShallowWrapper {}`;
